Load vecs from: data/deep_1m_96d/base.1M.96d.fbin
# of vecs: 1000000
indexed_attributes attr0 attr1 attr2
Load vecs from: data/deep_1m_96d/multiattr_independent/dana/base.attr0.fbin
# of vecs: 1000000
Load vecs from: data/deep_1m_96d/multiattr_independent/dana/base.attr1.fbin
# of vecs: 1000000
Load vecs from: data/deep_1m_96d/multiattr_independent/dana/base.attr2.fbin
# of vecs: 1000000
selected_attributes attr0=500 attr1=250 attr2=250
search_ef=1024 nav_mode=adaptive admission_mode=bridge
attr0_narrow queries=250 recall=0.9996 graph_ms=4.4982 exact_ms=15.6379 qps=222.3088 hops=1028.4720 dist=6110.6400 pruned=0.0000 insufficient=0
attr1_narrow queries=250 recall=0.9992 graph_ms=9.3706 exact_ms=18.6684 qps=106.7167 hops=1028.7920 dist=6256.9440 pruned=0.0000 insufficient=0
attr2_narrow queries=250 recall=0.9996 graph_ms=11.5089 exact_ms=20.2766 qps=86.8896 hops=1028.5480 dist=5953.5240 pruned=0.0000 insufficient=0
balanced   queries=250 recall=0.9976 graph_ms=5.8661 exact_ms=11.7787 qps=170.4711 hops=1028.2400 dist=8433.5920 pruned=0.0000 insufficient=0
attr0_narrow queries=250 recall=0.9996 graph_ms=4.4982 exact_ms=15.6379 qps=222.3088 hops=1028.4720 dist=6110.6400 pruned=0.0000 insufficient=0
attr1_narrow queries=250 recall=0.9992 graph_ms=9.3706 exact_ms=18.6684 qps=106.7167 hops=1028.7920 dist=6256.9440 pruned=0.0000 insufficient=0
attr2_narrow queries=250 recall=0.9996 graph_ms=11.5089 exact_ms=20.2766 qps=86.8896 hops=1028.5480 dist=5953.5240 pruned=0.0000 insufficient=0
balanced   queries=250 recall=0.9976 graph_ms=5.8661 exact_ms=11.7787 qps=170.4711 hops=1028.2400 dist=8433.5920 pruned=0.0000 insufficient=0
all        queries=1000 recall=0.9990 graph_ms=7.8110 exact_ms=16.5904 qps=128.0254 hops=1028.5130 dist=6688.6750 pruned=0.0000 insufficient=0
