Load vecs from: data/deep/base.10M.fbin
# of vecs: 10000000
indexed_attributes attr0 attr1 attr2
Load vecs from: data/deep_10m_96d/multiattr_independent/multi_dsg/base.attr0.fbin
# of vecs: 10000000
Load vecs from: data/deep_10m_96d/multiattr_independent/multi_dsg/base.attr1.fbin
# of vecs: 10000000
Load vecs from: data/deep_10m_96d/multiattr_independent/multi_dsg/base.attr2.fbin
# of vecs: 10000000
selected_attributes attr0=500 attr1=250 attr2=250
search_ef=1024 nav_mode=adaptive admission_mode=bridge
attr0_narrow queries=250 recall=0.9996 graph_ms=12.8053 exact_ms=144.8128 qps=78.0928 hops=1029.5600 dist=12199.9480 pruned=0.0000 insufficient=0
attr1_narrow queries=250 recall=0.9992 graph_ms=15.4100 exact_ms=178.5273 qps=64.8930 hops=1029.5640 dist=12248.9160 pruned=0.0000 insufficient=0
attr2_narrow queries=250 recall=0.9996 graph_ms=17.0181 exact_ms=195.2471 qps=58.7609 hops=1029.7360 dist=11615.8680 pruned=0.0000 insufficient=0
balanced   queries=250 recall=0.9988 graph_ms=14.5583 exact_ms=112.4434 qps=68.6892 hops=1029.5040 dist=14694.6880 pruned=0.0000 insufficient=0
attr0_narrow queries=250 recall=0.9996 graph_ms=12.8053 exact_ms=144.8128 qps=78.0928 hops=1029.5600 dist=12199.9480 pruned=0.0000 insufficient=0
attr1_narrow queries=250 recall=0.9992 graph_ms=15.4100 exact_ms=178.5273 qps=64.8930 hops=1029.5640 dist=12248.9160 pruned=0.0000 insufficient=0
attr2_narrow queries=250 recall=0.9996 graph_ms=17.0181 exact_ms=195.2471 qps=58.7609 hops=1029.7360 dist=11615.8680 pruned=0.0000 insufficient=0
balanced   queries=250 recall=0.9988 graph_ms=14.5583 exact_ms=112.4434 qps=68.6892 hops=1029.5040 dist=14694.6880 pruned=0.0000 insufficient=0
all        queries=1000 recall=0.9993 graph_ms=14.9479 exact_ms=157.7577 qps=66.8989 hops=1029.5910 dist=12689.8550 pruned=0.0000 insufficient=0
