Load vecs from: data/deep/base.10M.fbin
# of vecs: 10000000
indexed_attributes attr0 attr1 attr2
Load vecs from: data/deep_10m_96d/multiattr_independent/multi_dsg/base.attr0.fbin
# of vecs: 10000000
Load vecs from: data/deep_10m_96d/multiattr_independent/multi_dsg/base.attr1.fbin
# of vecs: 10000000
Load vecs from: data/deep_10m_96d/multiattr_independent/multi_dsg/base.attr2.fbin
# of vecs: 10000000
selected_attributes attr0=500 attr1=250 attr2=250
search_ef=1024 nav_mode=adaptive admission_mode=bridge
attr0_narrow queries=250 recall=0.9996 graph_ms=6.6914 exact_ms=157.3174 qps=149.4454 hops=1029.5600 dist=12199.9480 pruned=0.0000 insufficient=0
attr1_narrow queries=250 recall=0.9992 graph_ms=22.5773 exact_ms=191.6840 qps=44.2924 hops=1029.5640 dist=12248.9160 pruned=0.0000 insufficient=0
attr2_narrow queries=250 recall=0.9996 graph_ms=12.7836 exact_ms=209.0104 qps=78.2252 hops=1029.7360 dist=11615.8680 pruned=0.0000 insufficient=0
balanced   queries=250 recall=0.9988 graph_ms=7.7426 exact_ms=118.0471 qps=129.1551 hops=1029.5040 dist=14694.6880 pruned=0.0000 insufficient=0
attr0_narrow queries=250 recall=0.9996 graph_ms=6.6914 exact_ms=157.3174 qps=149.4454 hops=1029.5600 dist=12199.9480 pruned=0.0000 insufficient=0
attr1_narrow queries=250 recall=0.9992 graph_ms=22.5773 exact_ms=191.6840 qps=44.2924 hops=1029.5640 dist=12248.9160 pruned=0.0000 insufficient=0
attr2_narrow queries=250 recall=0.9996 graph_ms=12.7836 exact_ms=209.0104 qps=78.2252 hops=1029.7360 dist=11615.8680 pruned=0.0000 insufficient=0
balanced   queries=250 recall=0.9988 graph_ms=7.7426 exact_ms=118.0471 qps=129.1551 hops=1029.5040 dist=14694.6880 pruned=0.0000 insufficient=0
all        queries=1000 recall=0.9993 graph_ms=12.4487 exact_ms=169.0147 qps=80.3295 hops=1029.5910 dist=12689.8550 pruned=0.0000 insufficient=0
