Load vecs from: data/deep/base.10M.fbin
# of vecs: 10000000
indexed_attributes attr0 attr1 attr2
Load vecs from: data/deep_10m_96d/multiattr_independent/dana/base.attr0.fbin
# of vecs: 10000000
Load vecs from: data/deep_10m_96d/multiattr_independent/dana/base.attr1.fbin
# of vecs: 10000000
Load vecs from: data/deep_10m_96d/multiattr_independent/dana/base.attr2.fbin
# of vecs: 10000000
selected_attributes attr0=500 attr1=250 attr2=250
search_ef=1024 nav_mode=adaptive admission_mode=hard_prune
attr0_narrow queries=250 recall=0.9868 graph_ms=15.8683 exact_ms=166.4428 qps=63.0188 hops=1037.1560 dist=4061.9760 pruned=12184.6120 insufficient=0
attr1_narrow queries=250 recall=0.9880 graph_ms=16.8041 exact_ms=198.6168 qps=59.5095 hops=1035.2520 dist=4118.4160 pruned=12348.7880 insufficient=0
attr2_narrow queries=250 recall=0.9880 graph_ms=17.6941 exact_ms=215.6740 qps=56.5159 hops=1033.8400 dist=3930.9800 pruned=11792.5640 insufficient=0
balanced   queries=250 recall=0.1428 graph_ms=13.3715 exact_ms=119.7903 qps=74.7859 hops=830.9200 dist=1017.1360 pruned=24339.1520 insufficient=32
attr0_narrow queries=250 recall=0.9868 graph_ms=15.8683 exact_ms=166.4428 qps=63.0188 hops=1037.1560 dist=4061.9760 pruned=12184.6120 insufficient=0
attr1_narrow queries=250 recall=0.9880 graph_ms=16.8041 exact_ms=198.6168 qps=59.5095 hops=1035.2520 dist=4118.4160 pruned=12348.7880 insufficient=0
attr2_narrow queries=250 recall=0.9880 graph_ms=17.6941 exact_ms=215.6740 qps=56.5159 hops=1033.8400 dist=3930.9800 pruned=11792.5640 insufficient=0
balanced   queries=250 recall=0.1428 graph_ms=13.3715 exact_ms=119.7903 qps=74.7859 hops=830.9200 dist=1017.1360 pruned=24339.1520 insufficient=32
all        queries=1000 recall=0.7764 graph_ms=15.9345 exact_ms=175.1310 qps=62.7569 hops=984.2920 dist=3282.1270 pruned=15166.2790 insufficient=32
